// Jest Snapshot v1, https://goo.gl/fbAQLP

exports[`InventoryCardSubscriptions Component should render a basic component: basic render 1`] = `
<InventoryCard
  cardActions={null}
  isDisabled={false}
  perPageDefault={10}
  t={[Function]}
  useGetInventory={[Function]}
  useOnColumnSort={[Function]}
  useOnPage={[Function]}
  useProduct={[Function]}
  useProductInventoryConfig={[Function]}
  useProductInventoryQuery={[Function]}
  useSession={[Function]}
/>
`;
