// Jest Snapshot v1, https://goo.gl/fbAQLP

exports[`InventoryCardInstances Component should render a basic component: basic 1`] = `
<InventoryCard
  isDisabled={false}
  t={[Function]}
  useGetInventory={[Function]}
  useInventoryCardActions={[Function]}
  useOnColumnSort={[Function]}
  useOnPage={[Function]}
  useParseFiltersSettings={[Function]}
  useProductInventoryConfig={[Function]}
  useProductInventoryQuery={[Function]}
/>
`;
