// Jest Snapshot v1, https://goo.gl/fbAQLP

exports[`PageLayout Component should render a basic component: basic 1`] = `
<React.Fragment>
  <PageSection
    className="curiosity "
    padding={
      {
        "default": "noPadding",
      }
    }
  >
    <span
      className="test"
    >
      lorem
    </span>
  </PageSection>
</React.Fragment>
`;

exports[`PageLayout Component should render header and section children: multiple children 1`] = `
<pagelayout
  props="{
  "children": [
    {
      "displayName": "PageSection",
      "props": {
        "children": "ipsum",
        "className": ""
      }
    },
    {
      "displayName": "PageHeader",
      "props": {
        "children": "lorem",
        "productLabel": null
      }
    }
  ],
  "className": ""
}"
>
  <section
    class="pf-l-page-header pf-c-page-header pf-l-page__main-section pf-c-page__main-section pf-m-light"
    widget-type="InsightsPageHeader"
  >
    <div
      class="pf-l-flex pf-m-justify-content-space-between-on-sm"
    >
      <div
        class=""
      >
        <h1
          class="pf-c-title pf-m-2xl pf-u-mb-sm"
          data-ouia-component-id="OUIA-Generated-Title-1"
          data-ouia-component-type="PF4/Title"
          data-ouia-safe="true"
          widget-type="InsightsPageHeaderTitle"
        >
          lorem
        </h1>
      </div>
    </div>
  </section>
  <section
    class="pf-c-page__main-section pf-m-no-padding curiosity "
  >
    <section
      class="curiosity-page-section "
    >
       
      ipsum
       
    </section>
  </section>
</pagelayout>
`;
