// Jest Snapshot v1, https://goo.gl/fbAQLP

exports[`RHSM Helpers filterArchitectureVariant, should filter architectures, variants from an object: passed id 1`] = `"passThroughId"`;

exports[`RHSM Helpers filterArchitectureVariant, should filter architectures, variants from an object: updated id, architecture 1`] = `"lorem"`;

exports[`RHSM Helpers filterArchitectureVariant, should filter architectures, variants from an object: updated id, variant 1`] = `"ipsum"`;

exports[`RHSM Helpers should have specific functions: helpers 1`] = `
{
  "filterArchitectureVariant": [Function],
}
`;
