// Jest Snapshot v1, https://goo.gl/fbAQLP

exports[`i18n locale should generate a predictable pot output snapshot: pot output 1`] = `
"msgid \\"\\"
msgstr \\"\\"
\\"Content-Type: text/plain; charset=UTF-8\\\\n\\"

#: src/common/graphHelpers.js:46
msgid \\"curiosity-graph.tooltipLabel\\"
msgstr \\"\\"

#: src/common/graphHelpers.js:61
msgid \\"curiosity-graph.tooltipPreviousLabelDaily\\"
msgstr \\"\\"

#: src/common/graphHelpers.js:54
msgid \\"curiosity-graph.tooltipPreviousLabelMonthly\\"
msgstr \\"\\"

#: src/common/graphHelpers.js:57
msgid \\"curiosity-graph.tooltipPreviousLabelQuarterly\\"
msgstr \\"\\"

#: src/common/graphHelpers.js:51
msgid \\"curiosity-graph.tooltipPreviousLabelWeekly\\"
msgstr \\"\\"

#: src/components/rhelGraphCard/rhelGraphCard.js:79
msgctxt \\"CPU socket usage\\"
msgid \\"curiosity-graph.heading\\"
msgstr \\"\\"

#: src/components/rhelGraphCard/rhelGraphCardTypes.js:7
msgctxt \\"Daily\\"
msgid \\"curiosity-graph.dropdownDaily\\"
msgstr \\"\\"

#: src/components/rhelGraphCard/rhelGraphCardTypes.js:9
msgctxt \\"Monthly\\"
msgid \\"curiosity-graph.dropdownMonthly\\"
msgstr \\"\\"

#: src/components/rhelGraphCard/rhelGraphCardTypes.js:10
msgctxt \\"Quarterly\\"
msgid \\"curiosity-graph.dropdownQuarterly\\"
msgstr \\"\\"

#: src/components/rhelGraphCard/rhelGraphCard.js:82
#: src/components/rhelGraphCard/rhelGraphCard.js:86
msgctxt \\"Select date range\\"
msgid \\"curiosity-graph.dropdownPlaceholder\\"
msgstr \\"\\"

#: src/components/rhelGraphCard/rhelGraphCardTypes.js:8
msgctxt \\"Weekly\\"
msgid \\"curiosity-graph.dropdownWeekly\\"
msgstr \\"\\"
"
`;

exports[`i18n locale should have locale keys that exist in the default language JSON: missing locale keys 1`] = `Array []`;
