// Jest Snapshot v1, https://goo.gl/fbAQLP

exports[`useRhsmSelectors should apply a hook around a selector for useAppMessages: selector 1`] = `
Object {
  "appMessages": Object {
    "cloudigradeMismatch": true,
  },
  "query": Object {},
}
`;

exports[`useRhsmSelectors should return specific properties: specific properties 1`] = `
Object {
  "useAppMessages": [Function],
}
`;
