// Jest Snapshot v1, https://goo.gl/fbAQLP

exports[`Toolbar Component should handle updating state and dispatching an sla filter: clear filters 1`] = `null`;

exports[`Toolbar Component should handle updating state and dispatching an sla filter: sla selected 1`] = `null`;

exports[`Toolbar Component should render a non-connected component: non-connected 1`] = `
<Toolbar
  className="pf-m-toggle-group-container ins-c-primary-toolbar"
  clearAllFilters={[Function]}
  collapseListedFiltersBreakpoint="xl"
  id="curiosity-toolbar"
>
  <ToolbarContent
    isExpanded={false}
    showClearFiltersButton={false}
  >
    <ForwardRef
      variant="filter-group"
    >
      <ToolbarFilter
        categoryName="t(curiosity-toolbar.slaCategory)"
        chips={Array []}
        deleteChip={[Function]}
        showToolbarItem={true}
      >
        <Select
          aria-label="t(curiosity-toolbar.slaCategory)"
          ariaLabel="Select option"
          className=""
          id="generatedid-"
          isDisabled={false}
          name={null}
          onSelect={[Function]}
          options={
            Array [
              Object {
                "title": "t(curiosity-toolbar.slaPremium)",
                "value": "premium",
              },
              Object {
                "title": "t(curiosity-toolbar.slaStandard)",
                "value": "standard",
              },
              Object {
                "title": "t(curiosity-toolbar.slaSelfSupport)",
                "value": "self-support",
              },
              Object {
                "title": "t(curiosity-toolbar.slaNone)",
                "value": "",
              },
            ]
          }
          placeholder="t(curiosity-toolbar.slaPlaceholder)"
          selectedOptions={Array []}
          variant="single"
        />
      </ToolbarFilter>
    </ForwardRef>
  </ToolbarContent>
</Toolbar>
`;

exports[`Toolbar Component should return an empty render when disabled: disabled component 1`] = `""`;
